// Vitest Snapshot v1, https://vitest.dev/guide/snapshot.html

exports[`<AktivitetskortPreview /> > skal rendre stillingsaktivitet som i snapshot 1`] = `
<body>
  <div>
    <section
      aria-label="Aktivitet knyttet til dialog"
      class="_aktivitetSeksjon_4c9fd1"
    >
      <h2
        class="visually-hidden navds-heading navds-heading--undefined"
      >
        Aktivitet knyttet til dialog
      </h2>
      <h3
        class="_storSkjermTittel_4c9fd1 navds-heading navds-heading--undefined"
      >
        Stilling
        : 
        Kantinemedarbeider
      </h3>
      <a
        class="navds-panel navds-link-panel _lenkepanelbase_4c9fd1 navds-panel--border"
        href="https://aktivitetsplan.dev.nav.no/aktivitet/vis/123"
      >
        <div
          class="navds-link-panel__content"
        >
          <div
            class="_aktivteskortWrapper_4c9fd1"
          >
            <div
              class="_info_4c9fd1"
            >
              <p
                class="_tittel_4c9fd1 navds-body-short"
              >
                Stilling
              </p>
              <h4
                class="navds-heading navds-heading--undefined"
                id="dialog_header_2"
              >
                Kantinemedarbeider
              </h4>
              <p
                class="navds-body-short"
              >
                Testesen
              </p>
            </div>
            <p
              class="_lesmer_4c9fd1"
            >
              Gå til aktiviteten
            </p>
          </div>
        </div>
        <svg
          aria-hidden="true"
          class="navds-link-panel__chevron"
          fill="none"
          focusable="false"
          height="1em"
          role="img"
          viewBox="0 0 24 24"
          width="1em"
          xmlns="http://www.w3.org/2000/svg"
        >
          <path
            clip-rule="evenodd"
            d="m17.414 12-7.707 7.707-1.414-1.414L14.586 12 8.293 5.707l1.414-1.414L17.414 12Z"
            fill="currentColor"
            fill-rule="evenodd"
          />
        </svg>
      </a>
    </section>
  </div>
</body>
`;
