// Jest Snapshot v1, https://goo.gl/fbAQLP

exports[`<AktivitetskortPreview /> skal rendre stillingsaktivitet som i snapshot 1`] = `
<AktivitetskortPreview
  dialog={
    Object {
      "aktivitetId": "123",
    }
  }
>
  <LenkepanelBase
    border={false}
    href="/aktivitet/vis/123"
    linkCreator={[Function]}
    onClick={[Function]}
  >
    <Link
      className="lenkepanel"
      href="/aktivitet/vis/123"
      onClick={[Function]}
      to="/aktivitet/vis/123"
    >
      <LinkAnchor
        className="lenkepanel"
        href="/aktivitet/vis/123"
        navigate={[Function]}
        onClick={[Function]}
      >
        <a
          className="lenkepanel"
          href="/aktivitet/vis/123"
          onClick={[Function]}
        >
          <div>
            <div>
              <Undertittel>
                <TypografiBase
                  type="undertittel"
                >
                  <h2
                    className="typo-undertittel"
                  >
                    Kantinemedarbeider
                  </h2>
                </TypografiBase>
              </Undertittel>
              <Undertekst>
                <TypografiBase
                  type="undertekst"
                >
                  <p
                    className="typo-undertekst"
                  >
                    Stilling / Testesen
                  </p>
                </TypografiBase>
              </Undertekst>
            </div>
            <p>
              Se aktivitet
            </p>
          </div>
          <span
            className="lenkepanel__indikator"
            key="indikator"
          />
        </a>
      </LinkAnchor>
    </Link>
  </LenkepanelBase>
</AktivitetskortPreview>
`;
